// Jest Snapshot v1, https://goo.gl/fbAQLP

exports[`Sound Editor Component matches snapshot 1`] = `
<div>
  <div>
    <div>
      <label>
        <span>
          Sound
        </span>
        <input
          className=""
          onBlur={[Function]}
          onChange={[Function]}
          onKeyPress={[Function]}
          onSubmit={[MockFunction]}
          tabIndex="1"
          type="text"
          value="sound name"
        />
      </label>
      <div>
        <button
          disabled={false}
          onClick={[MockFunction]}
          title="Undo"
        >
          <img
            draggable={false}
            src="test-file-stub"
          />
        </button>
        <button
          disabled={true}
          onClick={[MockFunction]}
          title="Redo"
        >
          <img
            draggable={false}
            src="test-file-stub"
          />
        </button>
      </div>
    </div>
    <div>
      <div
        className=""
        role="button"
      >
        <img
          draggable={false}
          src="test-file-stub"
        />
        <div>
          Copy
        </div>
      </div>
      <div
        className=""
        role="button"
      >
        <img
          draggable={false}
          src="test-file-stub"
        />
        <div>
          Paste
        </div>
      </div>
      <div
        className=""
        role="button"
      >
        <img
          draggable={false}
          src="test-file-stub"
        />
        <div>
          Copy to New
        </div>
      </div>
    </div>
    <div
      className=""
      onClick={[MockFunction]}
      role="button"
    >
      <img
        draggable={false}
        src="test-file-stub"
      />
      <div>
        Delete
      </div>
    </div>
  </div>
  <div>
    <div>
      <svg
        viewBox="0 0 600 160"
      >
        <g
          transform="scale(1, -1) translate(0, -80)"
        >
          <path
            d="M0 0Q0 80 150 120 Q300 160 450 200 Q600 240 600 0 Q600 -240 450 -200 Q300 -160 150 -120 Q0 -80 0 0Z"
            strokeLinejoin="round"
            strokeWidth={1}
          />
        </g>
      </svg>
      <div
        className=""
        onMouseDown={[Function]}
        onTouchStart={[Function]}
      >
        <div
          className=""
          style={
            {
              "alignContent": undefined,
              "alignItems": undefined,
              "alignSelf": undefined,
              "flexBasis": undefined,
              "flexDirection": undefined,
              "flexGrow": undefined,
              "flexShrink": undefined,
              "flexWrap": undefined,
              "height": undefined,
              "justifyContent": undefined,
              "left": "20%",
              "width": "60.00000000000001%",
            }
          }
        >
          <div
            className=""
            style={
              {
                "alignContent": undefined,
                "alignItems": undefined,
                "alignSelf": undefined,
                "flexBasis": undefined,
                "flexDirection": undefined,
                "flexGrow": undefined,
                "flexShrink": undefined,
                "flexWrap": undefined,
                "height": undefined,
                "justifyContent": undefined,
                "width": undefined,
              }
            }
          />
          <div
            className=""
            onMouseDown={[Function]}
            onTouchStart={[Function]}
            style={
              {
                "alignContent": undefined,
                "alignItems": undefined,
                "alignSelf": undefined,
                "flexBasis": undefined,
                "flexDirection": undefined,
                "flexGrow": undefined,
                "flexShrink": undefined,
                "flexWrap": undefined,
                "height": undefined,
                "justifyContent": undefined,
                "width": undefined,
              }
            }
          >
            <div
              className=""
              style={
                {
                  "alignContent": undefined,
                  "alignItems": undefined,
                  "alignSelf": undefined,
                  "flexBasis": undefined,
                  "flexDirection": undefined,
                  "flexGrow": undefined,
                  "flexShrink": undefined,
                  "flexWrap": undefined,
                  "height": undefined,
                  "justifyContent": undefined,
                  "width": undefined,
                }
              }
            >
              <img
                draggable={false}
                src="test-file-stub"
              />
            </div>
            <div
              className=""
              style={
                {
                  "alignContent": undefined,
                  "alignItems": undefined,
                  "alignSelf": undefined,
                  "flexBasis": undefined,
                  "flexDirection": undefined,
                  "flexGrow": undefined,
                  "flexShrink": undefined,
                  "flexWrap": undefined,
                  "height": undefined,
                  "justifyContent": undefined,
                  "width": undefined,
                }
              }
            >
              <img
                draggable={false}
                src="test-file-stub"
              />
            </div>
          </div>
          <div
            className=""
            onMouseDown={[Function]}
            onTouchStart={[Function]}
            style={
              {
                "alignContent": undefined,
                "alignItems": undefined,
                "alignSelf": undefined,
                "flexBasis": undefined,
                "flexDirection": undefined,
                "flexGrow": undefined,
                "flexShrink": undefined,
                "flexWrap": undefined,
                "height": undefined,
                "justifyContent": undefined,
                "width": undefined,
              }
            }
          >
            <div
              className=""
              style={
                {
                  "alignContent": undefined,
                  "alignItems": undefined,
                  "alignSelf": undefined,
                  "flexBasis": undefined,
                  "flexDirection": undefined,
                  "flexGrow": undefined,
                  "flexShrink": undefined,
                  "flexWrap": undefined,
                  "height": undefined,
                  "justifyContent": undefined,
                  "width": undefined,
                }
              }
            >
              <img
                draggable={false}
                src="test-file-stub"
              />
            </div>
            <div
              className=""
              style={
                {
                  "alignContent": undefined,
                  "alignItems": undefined,
                  "alignSelf": undefined,
                  "flexBasis": undefined,
                  "flexDirection": undefined,
                  "flexGrow": undefined,
                  "flexShrink": undefined,
                  "flexWrap": undefined,
                  "height": undefined,
                  "justifyContent": undefined,
                  "width": undefined,
                }
              }
            >
              <img
                draggable={false}
                src="test-file-stub"
              />
            </div>
          </div>
        </div>
        <div>
          <div
            className=""
            style={
              {
                "transform": "translateX(50%)",
              }
            }
          />
        </div>
      </div>
    </div>
  </div>
  <div
    className=""
  >
    <div>
      <button
        className=""
        onClick={[MockFunction]}
        title="Stop"
      >
        <img
          draggable={false}
          src="test-file-stub"
        />
      </button>
    </div>
    <div
      className=""
      onClick={[MockFunction]}
      role="button"
    >
      <img
        draggable={false}
        src="test-file-stub"
      />
      <div>
        <span>
          Faster
        </span>
      </div>
    </div>
    <div
      className=""
      onClick={[MockFunction]}
      role="button"
    >
      <img
        draggable={false}
        src="test-file-stub"
      />
      <div>
        <span>
          Slower
        </span>
      </div>
    </div>
    <div
      className=""
      onClick={[MockFunction]}
      role="button"
    >
      <img
        draggable={false}
        src="test-file-stub"
      />
      <div>
        <span>
          Louder
        </span>
      </div>
    </div>
    <div
      className=""
      onClick={[MockFunction]}
      role="button"
    >
      <img
        draggable={false}
        src="test-file-stub"
      />
      <div>
        <span>
          Softer
        </span>
      </div>
    </div>
    <div
      className=""
      role="button"
    >
      <img
        draggable={false}
        src="test-file-stub"
      />
      <div>
        <span>
          Mute
        </span>
      </div>
    </div>
    <div
      className=""
      role="button"
    >
      <img
        draggable={false}
        src="test-file-stub"
      />
      <div>
        <span>
          Fade in
        </span>
      </div>
    </div>
    <div
      className=""
      role="button"
    >
      <img
        draggable={false}
        src="test-file-stub"
      />
      <div>
        <span>
          Fade out
        </span>
      </div>
    </div>
    <div
      className=""
      onClick={[MockFunction]}
      role="button"
    >
      <img
        draggable={false}
        src="test-file-stub"
      />
      <div>
        <span>
          Reverse
        </span>
      </div>
    </div>
    <div
      className=""
      onClick={[MockFunction]}
      role="button"
    >
      <img
        draggable={false}
        src="test-file-stub"
      />
      <div>
        <span>
          Robot
        </span>
      </div>
    </div>
  </div>
</div>
`;
